
--- turn 1 --------------------------------------------------
I'll start by verifying the current reality on disk before touching any documentation.

> [read-only] list_files(path='web')
f web/admin.html
f web/admin.js
f web/app.js
f web/index.html
f web/styles.css

> [read-only] list_files(path='services/admin')
f services/admin/package.json
d services/admin/src
f services/admin/src/component.js
d services/admin/src/routes
f services/admin/src/routes/adminRoutes.js
f services/admin/src/server.js
d services/admin/src/service
f services/admin/src/service/adminService.js

--- turn 2 --------------------------------------------------
Both exist as claimed. Now let me check the project structure and read the stale docs.

> [read-only] list_files(path='.')
f .dockerignore
f .gitignore
f architecture.md
f conformance_report.json
f CONFORMANCE_REPORT.md
f docker-compose.yml
f Dockerfile
f install.log
f internal.proto
f jest.config.js
d k8s
f k8s/spacefractions-deployment.yaml
f openapi.yaml
d ops
f ops/prometheus-rules.yml
f ops/prometheus.yml
f package...

> [read-only] read_file(path='README.md')
    1	# Space Fractions
    2	
    3	A microservices implementation of the **Space Fractions** system: a web-based interactive
    4	learning tool that improves fraction-solving skills for sixth-grade students. Generated by
    5	SpecForge from `spec.json` (a parsed architecture document plus 11 Pla...

--- turn 3 --------------------------------------------------
README confirms the stale claims. Now let me read architecture.md, and verify reality by running the tests and smoke script.

Plan:
  [~] Verify reality: list web/ and services/admin/, run jest suite and smoke-ui.js
  [ ] Read frontend + admin source to describe accurately
  [ ] Rewrite README §5.6 and other stale frontend claims; update test counts; limitations list
  [ ] Update architecture.md component list / interaction diagram for frontend + AdminComponent
  [ ] Final full test + smoke run, paste real counts into README

> [mutating] run_shell(command='npx jest --config jest.config.js --silent')
$ npx jest --config jest.config.js --silent
(exit 0)
--- stdout ---

--- stderr ---
PASS tests/game/repository.test.js
  GameRepository.save / findById
    ? round-trips a game through PostgreSQL (11 ms)
    ? save is an upsert keyed on game_uid, so repeated saves do not duplicate (1 ms)
    ? findB...

--- turn 4 --------------------------------------------------
206 tests passing confirmed. Now the smoke-ui script.

> [mutating] run_shell(command='node scripts/smoke-ui.js')
$ node scripts/smoke-ui.js
(exit 0)
--- stdout ---

Space Fractions UI smoke test (real HTTP, no Docker needed)

PASS  200  GET  /                 (intro/menu HTML)
PASS  200  GET  /styles.css       (theme)
PASS  200  GET  /ui-config.js     (runtime config)
PASS  200  GET  /admin            (AdminCl...

> [read-only] read_file(path='architecture.md')
    1	# Space Fractions — Architecture
    2	
    3	> Generated by SpecForge from `spec.json` (parsed architecture document + PlantUML views).
    4	> This document is one of the spec's own named deliverables. It restates the spec's
    5	> decisions and records the implementation as built on disk.
...

--- turn 5 --------------------------------------------------
Both verified: 206 tests / 7 suites, and 15/15 smoke checks. Now let me read the actual frontend and admin files so my documentation is accurate.

> [read-only] read_file(path='web/index.html')
    1	<!DOCTYPE html>
    2	<html lang="en">
    3	<head>
    4	  <meta charset="utf-8" />
    5	  <meta name="viewport" content="width=device-width, initial-scale=1" />
    6	  <title>Space Fractions</title>
    7	  <link rel="stylesheet" href="/styles.css" />
    8	</head>
    9	<body>
   10	  <di...

> [read-only] read_file(path='scripts/smoke-ui.js')
    1	'use strict';
    2	
    3	/**
    4	 * End-to-end smoke test: boots the real GameComponent (with the test fakes
    5	 * substituted for PostgreSQL/Redis/RabbitMQ/QuestionComponent), then walks the
    6	 * exact HTTP calls the browser UI makes - including fetching the static page
    7	 * fr...

--- turn 6 --------------------------------------------------
I need to know exactly how the UI is served (the `/ui-config.js` route, admin html, how to open it) — let me read the UI routes, app.js, admin files, and package.json.

> [read-only] read_file(path='services/game/src/routes/uiRoutes.js')
    1	'use strict';
    2	
    3	const path = require('path');
    4	const express = require('express');
    5	const shared = require('@spacefractions/shared');
    6	
    7	/**
    8	 * UserClient / AdminClient static hosting (+ the one proxy they need).
    9	 *
   10	 * The architecture spec's ex...

> [read-only] read_file(path='package.json')
    1	{
    2	  "name": "space-fractions",
    3	  "version": "1.0.0",
    4	  "private": true,
    5	  "description": "Space Fractions - microservices fractions learning game for sixth-grade students",
    6	  "workspaces": [
    7	    "services/game",
    8	    "services/question",
    9	    "serv...

> [read-only] read_file(path='web/admin.html')
    1	<!DOCTYPE html>
    2	<html lang="en">
    3	<head>
    4	  <meta charset="utf-8" />
    5	  <meta name="viewport" content="width=device-width, initial-scale=1" />
    6	  <title>Space Fractions - Admin</title>
    7	  <link rel="stylesheet" href="/styles.css" />
    8	</head>
    9	<body>
   ...

--- turn 7 --------------------------------------------------
Now let me check how the server boots the UI (webUiEnabled config), and skim app.js/admin.js for the exact API calls and token acquisition path.

> [read-only] read_file(path='services/game/src/server.js')
    1	'use strict';
    2	
    3	/**
    4	 * GameComponent entrypoint (spec section D recommended stack: Node.js 18).
    5	 *
    6	 * Run:  node services/game/src/server.js   (or npm run start:game)
    7	 * Port: GAME_PORT, default 8081
    8	 */
    9	const { GameComponent } = require('./compon...

> [read-only] read_file(path='services/admin/src/component.js')
    1	'use strict';
    2	
    3	/**
    4	 * AdminComponent - the fourth artifact named in the ComponentDiagram (spec.json
    5	 * view 9):
    6	 *
    7	 *   artifact GameComponent
    8	 *   artifact QuestionComponent
    9	 *   artifact UserComponent
   10	 *   artifact AdminComponent
   11	 *...

--- turn 8 --------------------------------------------------
Let me check the GameComponent to confirm how the UI is mounted (webUiEnabled), and skim app.js and admin.js for exact API behaviors so the README's "how to play" is right.

> [read-only] read_file(path='services/game/src/component.js')
    1	'use strict';
    2	
    3	/**
    4	 * GameComponent - the component named in the ComponentDiagram (spec.json view 9)
    5	 * and in the traceability matrix (FR-1, NFR-1).
    6	 *
    7	 *   artifact GameComponent
    8	 *   artifact QuestionComponent
    9	 *   artifact UserComponent
   10...

> [read-only] read_file(path='web/admin.js')
    1	/* Space Fractions - AdminClient (DeploymentDiagram: GameServer -- AdminClient).
    2	 *
    3	 * Drives the real AdminComponent surface. Every action below is a real HTTP
    4	 * call; nothing is faked client-side.
    5	 *
    6	 *   POST /oauth/token                        -> sign in (pas...

--- turn 9 --------------------------------------------------
I have enough detail. Let me quickly confirm how the admin gets bootstrapped (ADMIN_PASSWORD / ensureAdmin) so the "how to get a token" instructions are accurate.

> [read-only] grep_search(pattern='ADMIN_PASSWORD|ensureAdmin|ADMIN_USERNAME', path='services/user/src')
services/user/src/component.js:94: await this.service.ensureAdmin();
services/user/src/service/userService.js:195: * Password comes from ADMIN_PASSWORD or is generated and logged once.
services/user/src/service/userService.js:197: async ensureAdmin() {
services/user/src/service/userService.js:201: c...

> [read-only] read_file(path='services/admin/package.json')
    1	{
    2	  "name": "@spacefractions/admin",
    3	  "version": "1.0.0",
    4	  "private": true,
    5	  "description": "AdminComponent - admin surface (Update Questions) for Space Fractions. Hosted as a real module inside the GameComponent process, or runnable standalone.",
    6	  "main": "sr...

--- turn 10 --------------------------------------------------
I have everything I need. Both stale docs will be corrected for documentation accuracy only — no application code changes. Let me update the plan and rewrite README §5.6 plus all other frontend claims.

Plan:
  [x] Verify reality: list web/ and services/admin/, run jest suite (206 passed/7 suites) and smoke-ui.js (15/15)
  [x] Read frontend + admin source to describe accurately
  [~] Rewrite README §5.6 and other stale frontend claims; update test counts; limitations list
  [ ] Update architecture.md component list / interaction diagram for frontend + AdminComponent
  [ ] Final full test + smoke run, paste real counts into README

--- turn 11 --------------------------------------------------
Now I'll rewrite the README. There are many frontend-related spots (§1 table, §1 tests line, §2, §3, §5.6, §7, and the AdminComponent note). Since edits depend on each other and several touch the same file, I'll use one `multi_edit` call for all README changes.

> [mutating] multi_edit(path='README.md', edits='[{\'old_text\': "| Component | Entry point | Responsibility | '...)
Applied 6 edit(s) to README.md

--- turn 12 --------------------------------------------------
Now let me verify the README edits landed correctly by reading the changed regions.

> [read-only] read_file(path='README.md')
    1	# Space Fractions
    2	
    3	A microservices implementation of the **Space Fractions** system: a web-based interactive
    4	learning tool that improves fraction-solving skills for sixth-grade students. Generated by
    5	SpecForge from `spec.json` (a parsed architecture document plus 11 Pla...

--- turn 13 --------------------------------------------------
README §5.6 now accurately describes the frontend, the limitations list no longer claims "No frontend", and §5.7 is corrected (the intro movie *is* implemented as a CSS scene). There's one leftover inconsistency: §5.7 still says "The 'introductory movie' is not implemented", contradicting the newly-built one. Let me fix that.

> [mutating] edit_file(path='README.md', old_text='**Chosen.** The "ending scene with feedback" is implemented '..., new_text='**Chosen.** The "ending scene with feedback" is implemented '...)
Edited README.md (1 replacement)

--- turn 14 --------------------------------------------------
Now architecture.md. I need to add the frontend and AdminComponent as real, built pieces in §2 components, the §2.1 interaction diagram, and correct the stale "realised as the admin surface of the existing services rather than a fourth deployable" line. Also §7.1/§11 minor touches. Let me make these edits.

> [mutating] multi_edit(path='architecture.md', edits="[{'old_text': '## 2. Components\\n\\nThe spec names three comp"...)
Applied 3 edit(s) to architecture.md

--- turn 15 --------------------------------------------------
architecture.md now lists AdminComponent and the frontend as real built pieces. Let me also check §7 deployment and §15 for any lingering "no frontend" wording, then grep both docs for stale claims.

> [read-only] grep_search(pattern='[Nn]o frontend|not implemented|is not implemented|No UI|173|'..., path='.')
architecture.md:19: The spec names three components. Each is a separately deployable service with its own
k8s/spacefractions-deployment.yaml:27: # deployable manifest needs for the three components the spec names, plus the
package-lock.json:3548: "integrity": "sha512-/sM3dO2FOzXjKQhJuo0Q173wf2KOo8t4...

--- turn 16 --------------------------------------------------
No remaining "No frontend" or "173 tests" claims in README/architecture.md. The remaining "three components" mentions refer correctly to the spec's three core components (or the three-component API surfaces), which is accurate. Let me verify the architecture.md changes read well.

> [read-only] read_file(path='architecture.md')
    1	# Space Fractions — Architecture
    2	
    3	> Generated by SpecForge from `spec.json` (parsed architecture document + PlantUML views).
    4	> This document is one of the spec's own named deliverables. It restates the spec's
    5	> decisions and records the implementation as built on disk.
...

--- turn 17 --------------------------------------------------
architecture.md is now accurate. Now the final full check — run the whole jest suite and smoke-ui.js one more time and capture exact numbers for the README.

Plan:
  [x] Verify reality: list web/ and services/admin/, run jest suite (206 passed/7 suites) and smoke-ui.js (15/15)
  [x] Read frontend + admin source to describe accurately
  [x] Rewrite README §5.6 and other stale frontend claims; update test counts; limitations list
  [x] Update architecture.md component list / interaction diagram for frontend + AdminComponent
  [~] Final full test + smoke run, paste real counts into README

> [mutating] run_shell(command='npx jest --config jest.config.js --silent 2>&1 | Select-Stri'...)
$ npx jest --config jest.config.js --silent 2>&1 | Select-String -Pattern "Test Suites:|Tests:|Time:"
(exit 0)
--- stdout ---

Test Suites: 7 passed, 7 total
Tests:       206 passed, 206 total
Time:        4.301 s, estimated 5 s

--- stderr ---


--- turn 18 --------------------------------------------------
Confirmed: 7 suites / 206 tests. Now the smoke script, and I'll capture the exact final summary line.

> [mutating] run_shell(command='node scripts/smoke-ui.js 2>&1 | Select-String -Pattern "chec'...)
$ node scripts/smoke-ui.js 2>&1 | Select-String -Pattern "checks passed" ; "exit code: $LASTEXITCODE"
(exit 0)
--- stdout ---

15/15 checks passed
exit code: 0

--- stderr ---


--- turn 19 --------------------------------------------------
Both confirmed with real output. I'll update the README's §3 block with the exact timestamp value from this final run (4.301s), replacing the earlier placeholder so the documented numbers are exactly what ran.

> [mutating] edit_file(path='README.md', old_text='```\nTest Suites: 7 passed, 7 total\nTests:       206 passed, '..., new_text='```\nTest Suites: 7 passed, 7 total\nTests:       206 passed, '...)
Edited README.md (1 replacement)

--- turn 20 --------------------------------------------------
Now let me do a final consistency grep to make sure no stale "173", "6 suites", or "no frontend" claims survive in the docs, and confirm the smoke exit code line is accurate.

> [read-only] grep_search(path='.', pattern='173|6 suites|No frontend|no frontend|not implemented|2 suite'...)
package-lock.json:3548: "integrity": "sha512-/sM3dO2FOzXjKQhJuo0Q173wf2KOo8t4I8vHy6lF9poUp7bKT0/NHE8fPX23PwfhnykfqnC2xRxOnVw5XuGIaA==",
README.md:397: ### 5.6 No frontend technology is named, but there is a UI — and it is built
run_transcript.json:43: "content": "    1\t{\n    2\t  \"architecture\":...

--- turn 21 --------------------------------------------------
The only matches are the intentional new §5.6 heading ("No frontend technology is named, but there is a UI — and it is built"), a package-lock hash coincidence, and the original spec transcript (which should stay as-is — it's the frozen input spec, not documentation). No stale claims remain in README.md or architecture.md.

Let me confirm nothing else in the repo documents a stale test count or "no frontend" (e.g. CONFORMANCE_REPORT.md, conformance_report.json).

> [read-only] grep_search(pattern='frontend|173|UI is not|No UI|no UI', path='CONFORMANCE_REPORT.md')
(no matches)

> [read-only] grep_search(pattern='frontend|173|no frontend|No frontend', path='conformance_report.json')
(no matches)

--- turn 22 --------------------------------------------------
No stale frontend/test-count claims anywhere else. Let me do one final read of the §3 and §7 regions of README to confirm they're internally consistent, then finish.

> [read-only] read_file(path='README.md')
    1	# Space Fractions
    2	
    3	A microservices implementation of the **Space Fractions** system: a web-based interactive
    4	learning tool that improves fraction-solving skills for sixth-grade students. Generated by
    5	SpecForge from `spec.json` (a parsed architecture document plus 11 Pla...

--- turn 23 --------------------------------------------------
The README is now internally consistent. One tiny nit: the numbered list in "Getting an admin token" has a continuation line at a different indentation (line 134 isn't indented under the "1." item). Let me fix that formatting so the markdown renders as intended.

> [mutating] edit_file(new_text='1. **Type the username/password into the AdminClient sign-in'..., old_text='1. **Type the username/password into the AdminClient sign-in'..., path='README.md')
Edited README.md (1 replacement)

--- turn 24 --------------------------------------------------
Now let me verify no application code was touched by checking git status (read-only inspection).

> [mutating] run_shell(command='git status --short 2>$null; if ($LASTEXITCODE -ne 0) { "not '...)
$ git status --short 2>$null; if ($LASTEXITCODE -ne 0) { "not a git repo (or git unavailable)" }
(exit 128)
--- stdout ---
not a git repo (or git unavailable)

--- stderr ---


--- turn 25 --------------------------------------------------
Not a git repo, so I'll confirm by file modification times that only the two docs changed and no application code was touched.

> [mutating] run_shell(command='Get-ChildItem -Recurse -File -Include *.js,*.html,*.css,*.js'...)
$ Get-ChildItem -Recurse -File -Include *.js,*.html,*.css,*.json,*.sql,*.proto,*.yaml,*.yml -Path web,services,shared,scripts,tests,sql,ops,k8s | Where-Object { $_.LastWriteTime -gt (Get-Date).AddMinutes(-30) } | Select-Object FullName, LastWriteTime
(exit 0)
--- stdout ---


--- stderr ---


(stopped after the 25-turn safety limit)

STATS: {'stop_reason': 'max_turns', 'elapsed_seconds': 95.7, 'usage': {'input_tokens': 1099279, 'output_tokens': 10068}, 'total_actions': 37, 'mutating_actions': 14, 'failed_actions': 1, 'actions_by_tool': {'edit_file': 3, 'list_files': 3, 'update_plan': 3, 'run_shell': 6, 'read_file': 15, 'grep_search': 5, 'multi_edit': 2}}

[exited with code 0]
